2026-02-18 19:59:13,461 | INFO     | ballsim.factory | Creating simulation from: config\simulation.yaml
2026-02-18 19:59:13,461 | INFO     | ballsim.factory | Created 1 ball(s)
2026-02-18 19:59:13,462 | INFO     | ballsim.factory | Created 1 boundary(ies)
2026-02-18 19:59:14,303 | INFO     | ballsim.simulation | Starting simulation: 5s at 60fps (300 frames)
2026-02-18 19:59:14,303 | INFO     | ballsim.simulation | Physics: 4 substeps/frame (dt=0.004167s)
2026-02-18 19:59:16,965 | INFO     | ballsim.simulation | Simulation complete. Encoding video...
2026-02-18 19:59:17,066 | INFO     | ballsim.simulation | Video saved to: output/bouncing_ball.mp4
2026-02-18 20:08:50,685 | INFO     | ballsim.factory | Creating simulation from: config\phase2_test.yaml
2026-02-18 20:08:50,685 | INFO     | ballsim.factory | Created 3 ball(s)
2026-02-18 20:08:50,686 | INFO     | ballsim.factory | Created 4 boundary(ies)
2026-02-18 20:08:50,829 | INFO     | ballsim.simulation | Starting simulation: 8s at 60fps (480 frames)
2026-02-18 20:08:50,829 | INFO     | ballsim.simulation | Physics: 4 substeps/frame (dt=0.004167s)
2026-02-18 20:08:54,881 | INFO     | ballsim.simulation | Simulation complete. Encoding video...
2026-02-18 20:08:54,983 | INFO     | ballsim.simulation | Video saved to: output/multi_ball.mp4
2026-02-18 20:13:00,610 | INFO     | ballsim.factory | Creating simulation from: config\phase2_test.yaml
2026-02-18 20:13:00,610 | INFO     | ballsim.factory | Created 3 ball(s)
2026-02-18 20:13:00,610 | INFO     | ballsim.factory | Created 4 boundary(ies)
2026-02-18 20:13:00,825 | INFO     | ballsim.simulation | Starting simulation: 8s at 60fps (480 frames)
2026-02-18 20:13:00,825 | INFO     | ballsim.simulation | Physics: 4 substeps/frame (dt=0.004167s)
2026-02-18 20:13:08,469 | INFO     | ballsim.simulation | Simulation complete. Encoding video...
2026-02-18 20:13:08,567 | INFO     | ballsim.simulation | Video saved to: output/multi_ball_20260218_201300.mp4
2026-02-18 20:34:57,407 | INFO     | ballsim.factory | Creating simulation from: config\phase2_test.yaml
2026-02-18 20:34:57,407 | INFO     | ballsim.factory | Created 3 ball(s)
2026-02-18 20:34:57,408 | INFO     | ballsim.factory | Created 4 boundary(ies)
2026-02-18 20:34:57,567 | INFO     | ballsim.simulation | Starting simulation: 8s at 60fps (480 frames)
2026-02-18 20:34:57,567 | INFO     | ballsim.simulation | Physics: 4 substeps/frame (dt=0.004167s)
2026-02-18 20:35:03,467 | INFO     | ballsim.simulation | Simulation complete. Encoding video...
2026-02-18 20:35:03,585 | INFO     | ballsim.simulation | Video saved to: output/multi_ball_20260218_203457.mp4
2026-02-18 20:46:12,928 | INFO     | ballsim.factory | Creating simulation from: config\phase2_test.yaml
2026-02-18 20:46:12,929 | INFO     | ballsim.factory | Created 3 ball(s)
2026-02-18 20:46:12,929 | INFO     | ballsim.factory | Created 4 boundary(ies)
2026-02-18 20:46:13,090 | INFO     | ballsim.simulation | Starting simulation: 8s at 60fps (480 frames)
2026-02-18 20:46:13,091 | INFO     | ballsim.simulation | Physics: 4 substeps/frame (dt=0.004167s)
2026-02-18 20:46:21,253 | INFO     | ballsim.simulation | Simulation complete. Encoding video...
2026-02-18 20:46:21,364 | INFO     | ballsim.simulation | Video saved to: output/multi_ball_20260218_204612.mp4
2026-02-18 20:46:55,214 | INFO     | ballsim.factory | Creating simulation from: config\phase2_test.yaml
2026-02-18 20:46:55,214 | INFO     | ballsim.factory | Created 3 ball(s)
2026-02-18 20:46:55,215 | INFO     | ballsim.factory | Created 4 boundary(ies)
2026-02-18 20:46:55,305 | INFO     | ballsim.simulation | Starting simulation: 8s at 60fps (480 frames)
2026-02-18 20:46:55,305 | INFO     | ballsim.simulation | Physics: 4 substeps/frame (dt=0.004167s)
2026-02-18 20:47:03,517 | INFO     | ballsim.simulation | Simulation complete. Encoding video...
2026-02-18 20:47:03,628 | INFO     | ballsim.simulation | Video saved to: output/multi_ball_20260218_204655.mp4
2026-02-18 20:47:34,519 | INFO     | ballsim.factory | Creating simulation from: config\phase2_test.yaml
2026-02-18 20:47:34,519 | INFO     | ballsim.factory | Created 3 ball(s)
2026-02-18 20:47:34,520 | INFO     | ballsim.factory | Created 4 boundary(ies)
2026-02-18 20:47:34,612 | INFO     | ballsim.simulation | Starting simulation: 8s at 60fps (480 frames)
2026-02-18 20:47:34,612 | INFO     | ballsim.simulation | Physics: 4 substeps/frame (dt=0.004167s)
2026-02-18 20:47:45,206 | INFO     | ballsim.simulation | Simulation complete. Encoding video...
2026-02-18 20:47:45,434 | INFO     | ballsim.simulation | Video saved to: output/multi_ball_20260218_204734.mp4
2026-02-18 20:52:43,621 | INFO     | ballsim.factory | Creating simulation from: config\phase2_test.yaml
2026-02-18 20:52:43,622 | INFO     | ballsim.factory | Created 3 ball(s)
2026-02-18 20:52:43,622 | INFO     | ballsim.factory | Created 4 boundary(ies)
2026-02-18 20:52:43,781 | INFO     | ballsim.simulation | Starting simulation: 8s at 60fps (480 frames)
2026-02-18 20:52:43,781 | INFO     | ballsim.simulation | Physics: 4 substeps/frame (dt=0.004167s)
2026-02-18 20:52:52,329 | INFO     | ballsim.simulation | Simulation complete. Encoding video...
2026-02-18 20:52:52,437 | INFO     | ballsim.simulation | Video saved to: output/multi_ball_20260218_205243.mp4
2026-02-18 20:53:35,617 | INFO     | ballsim.factory | Creating simulation from: config\phase2_test.yaml
2026-02-18 20:53:35,617 | INFO     | ballsim.factory | Created 2 ball(s)
2026-02-18 20:53:35,617 | INFO     | ballsim.factory | Created 4 boundary(ies)
2026-02-18 20:53:35,703 | INFO     | ballsim.simulation | Starting simulation: 8s at 60fps (480 frames)
2026-02-18 20:53:35,703 | INFO     | ballsim.simulation | Physics: 4 substeps/frame (dt=0.004167s)
2026-02-18 20:53:43,205 | INFO     | ballsim.simulation | Simulation complete. Encoding video...
2026-02-18 20:53:43,312 | INFO     | ballsim.simulation | Video saved to: output/multi_ball_20260218_205335.mp4
2026-02-18 20:57:38,289 | INFO     | ballsim.factory | Creating simulation from: config\phase2_test.yaml
2026-02-18 20:57:38,290 | INFO     | ballsim.factory | Created 2 ball(s)
2026-02-18 20:57:38,290 | INFO     | ballsim.factory | Created 4 boundary(ies)
2026-02-18 20:57:38,435 | INFO     | ballsim.simulation | Starting simulation: 8s at 60fps (480 frames)
2026-02-18 20:57:38,435 | INFO     | ballsim.simulation | Physics: 4 substeps/frame (dt=0.004167s)
2026-02-18 20:57:46,429 | INFO     | ballsim.simulation | Simulation complete. Encoding video...
2026-02-18 20:57:46,530 | INFO     | ballsim.simulation | Video saved to: output/multi_ball_20260218_205738.mp4
2026-02-18 20:58:45,258 | INFO     | ballsim.factory | Creating simulation from: config\phase2_test.yaml
2026-02-18 20:58:45,259 | INFO     | ballsim.factory | Created 2 ball(s)
2026-02-18 20:58:45,259 | INFO     | ballsim.factory | Created 4 boundary(ies)
2026-02-18 20:58:45,362 | INFO     | ballsim.simulation | Starting simulation: 8s at 60fps (480 frames)
2026-02-18 20:58:45,362 | INFO     | ballsim.simulation | Physics: 4 substeps/frame (dt=0.004167s)
2026-02-18 20:58:54,047 | INFO     | ballsim.simulation | Simulation complete. Encoding video...
2026-02-18 20:58:54,205 | INFO     | ballsim.simulation | Video saved to: output/multi_ball_20260218_205845.mp4
2026-02-18 21:03:06,311 | INFO     | ballsim.factory | Creating simulation from: config\phase2_test.yaml
2026-02-18 21:03:06,311 | INFO     | ballsim.factory | Created 2 ball(s)
2026-02-18 21:03:06,311 | INFO     | ballsim.factory | Created 4 boundary(ies)
2026-02-18 21:03:06,458 | INFO     | ballsim.simulation | Starting simulation: 8s at 60fps (480 frames)
2026-02-18 21:03:06,458 | INFO     | ballsim.simulation | Physics: 4 substeps/frame (dt=0.004167s)
2026-02-18 21:03:13,670 | INFO     | ballsim.simulation | Simulation complete. Encoding video...
2026-02-18 21:03:13,770 | INFO     | ballsim.simulation | Video saved to: output/multi_ball_20260218_210306.mp4
2026-02-18 21:09:22,698 | INFO     | ballsim.factory | Creating simulation from: config\phase2_test.yaml
2026-02-18 21:09:22,698 | INFO     | ballsim.factory | Created 2 ball(s)
2026-02-18 21:09:22,698 | INFO     | ballsim.factory | Created 4 boundary(ies)
2026-02-18 21:09:22,855 | INFO     | ballsim.simulation | Starting simulation: 8s at 60fps (480 frames)
2026-02-18 21:09:22,855 | INFO     | ballsim.simulation | Physics: 4 substeps/frame (dt=0.004167s)
2026-02-18 21:09:31,708 | INFO     | ballsim.simulation | Simulation complete. Encoding video...
2026-02-18 21:09:31,896 | INFO     | ballsim.simulation | Video saved to: output/multi_ball_20260218_210922.mp4
2026-02-18 21:19:26,469 | INFO     | ballsim.factory | Creating simulation from: config\phase2_test.yaml
2026-02-18 21:19:26,469 | INFO     | ballsim.factory | Created 2 ball(s)
2026-02-18 21:19:26,469 | INFO     | ballsim.factory | Created 4 boundary(ies)
2026-02-18 21:19:26,617 | INFO     | ballsim.simulation | Starting simulation: 8s at 60fps (480 frames)
2026-02-18 21:19:26,617 | INFO     | ballsim.simulation | Physics: 4 substeps/frame (dt=0.004167s)
2026-02-18 21:19:34,275 | INFO     | ballsim.simulation | Simulation complete. Encoding video...
2026-02-18 21:19:34,392 | INFO     | ballsim.simulation | Video saved to: output/multi_ball_20260218_211926.mp4
2026-02-18 21:21:24,128 | INFO     | ballsim.factory | Creating simulation from: config\phase2_test.yaml
2026-02-18 21:21:24,129 | INFO     | ballsim.factory | Created 2 ball(s)
2026-02-18 21:21:24,129 | INFO     | ballsim.factory | Created 4 boundary(ies)
2026-02-18 21:21:24,276 | INFO     | ballsim.simulation | Starting simulation: 8s at 60fps (480 frames)
2026-02-18 21:21:24,276 | INFO     | ballsim.simulation | Physics: 4 substeps/frame (dt=0.004167s)
2026-02-18 21:21:32,429 | INFO     | ballsim.simulation | Simulation complete. Encoding video...
2026-02-18 21:21:32,537 | INFO     | ballsim.simulation | Video saved to: output/multi_ball_20260218_212124.mp4
2026-02-18 21:22:39,406 | INFO     | ballsim.factory | Creating simulation from: config\phase2_test.yaml
2026-02-18 21:22:39,406 | INFO     | ballsim.factory | Created 2 ball(s)
2026-02-18 21:22:39,407 | INFO     | ballsim.factory | Created 4 boundary(ies)
2026-02-18 21:22:39,506 | INFO     | ballsim.simulation | Starting simulation: 8s at 60fps (480 frames)
2026-02-18 21:22:39,507 | INFO     | ballsim.simulation | Physics: 4 substeps/frame (dt=0.004167s)
2026-02-18 21:22:49,128 | INFO     | ballsim.simulation | Simulation complete. Encoding video...
2026-02-18 21:22:49,287 | INFO     | ballsim.simulation | Video saved to: output/multi_ball_20260218_212239.mp4
2026-02-18 21:26:12,050 | INFO     | ballsim.factory | Creating simulation from: config\phase2_test.yaml
2026-02-18 21:26:12,050 | INFO     | ballsim.factory | Created 2 ball(s)
2026-02-18 21:26:12,050 | INFO     | ballsim.factory | Created 4 boundary(ies)
2026-02-18 21:26:12,208 | INFO     | ballsim.simulation | Starting simulation: 8s at 60fps (480 frames)
2026-02-18 21:26:12,209 | INFO     | ballsim.simulation | Physics: 4 substeps/frame (dt=0.004167s)
2026-02-18 21:26:17,517 | INFO     | ballsim.simulation | Simulation complete. Encoding video...
2026-02-18 21:26:17,617 | INFO     | ballsim.simulation | Video saved to: output/multi_ball_20260218_212612.mp4
2026-02-18 21:27:58,376 | INFO     | ballsim.factory | Creating simulation from: config\phase2_test.yaml
2026-02-18 21:27:58,376 | INFO     | ballsim.factory | Created 2 ball(s)
2026-02-18 21:27:58,377 | INFO     | ballsim.factory | Created 4 boundary(ies)
2026-02-18 21:27:58,519 | INFO     | ballsim.simulation | Starting simulation: 8s at 60fps (480 frames)
2026-02-18 21:27:58,520 | INFO     | ballsim.simulation | Physics: 4 substeps/frame (dt=0.004167s)
2026-02-18 21:28:10,955 | INFO     | ballsim.simulation | Simulation complete. Encoding video...
2026-02-18 21:28:11,058 | INFO     | ballsim.simulation | Video saved to: output/multi_ball_20260218_212758.mp4
2026-02-18 21:43:02,971 | INFO     | ballsim.factory | Creating simulation from: config\phase2_test.yaml
2026-02-18 21:43:02,972 | INFO     | ballsim.factory | Created 2 ball(s)
2026-02-18 21:43:02,972 | INFO     | ballsim.factory | Created 2 boundary(ies)
2026-02-18 21:43:03,133 | INFO     | ballsim.simulation | Starting simulation: 8s at 60fps (480 frames)
2026-02-18 21:43:03,134 | INFO     | ballsim.simulation | Physics: 4 substeps/frame (dt=0.004167s)
2026-02-18 21:43:15,454 | INFO     | ballsim.simulation | Simulation complete. Encoding video...
2026-02-18 21:43:15,558 | INFO     | ballsim.simulation | Video saved to: output/multi_ball_20260218_214302.mp4
2026-02-18 21:44:51,903 | INFO     | ballsim.factory | Creating simulation from: config\phase2_test.yaml
2026-02-18 21:44:51,903 | INFO     | ballsim.factory | Created 3 ball(s)
2026-02-18 21:44:51,904 | INFO     | ballsim.factory | Created 2 boundary(ies)
2026-02-18 21:44:52,054 | INFO     | ballsim.simulation | Starting simulation: 8s at 60fps (480 frames)
2026-02-18 21:44:52,054 | INFO     | ballsim.simulation | Physics: 4 substeps/frame (dt=0.004167s)
2026-02-18 21:45:10,463 | INFO     | ballsim.simulation | Simulation complete. Encoding video...
2026-02-18 21:45:10,599 | INFO     | ballsim.simulation | Video saved to: output/multi_ball_20260218_214451.mp4
2026-02-18 21:46:46,487 | INFO     | ballsim.factory | Creating simulation from: config\phase2_test.yaml
2026-02-18 21:46:46,488 | INFO     | ballsim.factory | Created 3 ball(s)
2026-02-18 21:46:46,488 | INFO     | ballsim.factory | Created 2 boundary(ies)
2026-02-18 21:46:46,632 | INFO     | ballsim.simulation | Starting simulation: 8s at 60fps (480 frames)
2026-02-18 21:46:46,632 | INFO     | ballsim.simulation | Physics: 4 substeps/frame (dt=0.004167s)
2026-02-18 21:47:09,704 | INFO     | ballsim.simulation | Simulation complete. Encoding video...
2026-02-18 21:47:09,882 | INFO     | ballsim.simulation | Video saved to: output/multi_ball_20260218_214646.mp4
2026-02-18 21:54:22,788 | INFO     | ballsim.factory | Creating simulation from: config\phase2_test.yaml
2026-02-18 21:54:22,789 | INFO     | ballsim.factory | Created 3 ball(s)
2026-02-18 21:54:22,789 | INFO     | ballsim.factory | Created 2 boundary(ies)
2026-02-18 21:54:22,997 | INFO     | ballsim.simulation | Starting simulation: 8s at 60fps (480 frames)
2026-02-18 21:54:22,997 | INFO     | ballsim.simulation | Physics: 4 substeps/frame (dt=0.004167s)
2026-02-18 21:54:41,791 | INFO     | ballsim.simulation | Simulation complete. Encoding video...
2026-02-18 21:54:41,956 | INFO     | ballsim.simulation | Video saved to: output/multi_ball_20260218_215422.mp4
